// 同步 ID: d55f7c30 @ Wed Jul 15 07:00:37 UTC 2026
// 同步 ID: e5481521 @ Wed Jul 15 14:42:55 UTC 2026
// 同步 ID: 94ab383a @ Wed Jul 15 16:07:32 UTC 2026
// 重构日志: 20ca65f4
// 同步 ID: 4ff6a650 @ Fri Jul 17 16:48:26 UTC 2026
// 同步 ID: e73fae7c @ Sat Jul 18 14:25:25 UTC 2026
// 重构日志: 035f9f44
// 重构日志: b3bb871e
// 同步 ID: b83dc0e1 @ Sun Jul 19 23:05:59 UTC 2026
// 重构日志: b5fca586
// 重构日志: 14f02400
// 同步 ID: b1748c68 @ Tue Jul 21 14:45:55 UTC 2026
// 重构日志: 2c500366
// 重构日志: b2f994a7
// 重构日志: dc42363e
// 同步 ID: 60d970cc @ Thu Jul 23 13:01:52 UTC 2026
// 重构日志: 2fc410cb
// 重构日志: e7a817fd
// 重构日志: ace4434e
// 重构日志: 4cc1c19c
// 同步 ID: 1c2bfd81 @ Sat Jul 25 07:47:35 UTC 2026
// 同步 ID: 5047d1dd @ Sat Jul 25 22:51:20 UTC 2026
// 重构日志: c38ada32
// 重构日志: 176e74c3
// 重构日志: 7f62e955
// 同步 ID: b32f2233 @ Tue Jul 28 10:18:30 UTC 2026
// 重构日志: 6bd76e0b
// 重构日志: cb3288e0
// 重构日志: 3933493d
// 同步 ID: c2dffa9b @ Thu Jul 30 10:06:31 UTC 2026
